\BOOKMARK [0][]{Doc-Start}{\376\377\000A\000P\000P\000R\000O\000V\000A\000L\000\040\000P\000A\000G\000E}{}% 1
\BOOKMARK [0][]{section*.1}{\376\377\000A\000B\000S\000T\000R\000A\000C\000T}{}% 2
\BOOKMARK [0][]{section*.2}{\376\377\000T\000A\000B\000L\000E\000\040\000O\000F\000\040\000C\000O\000N\000T\000E\000N\000T}{}% 3
\BOOKMARK [0][]{section*.3}{\376\377\000L\000I\000S\000T\000\040\000O\000F\000\040\000F\000I\000G\000U\000R\000E\000S}{}% 4
\BOOKMARK [0][]{section*.4}{\376\377\000L\000I\000S\000T\000\040\000O\000F\000\040\000T\000A\000B\000L\000E}{}% 5
\BOOKMARK [0][]{section*.6}{\376\377\000L\000I\000S\000T\000\040\000O\000F\000\040\000S\000Y\000M\000B\000O\000L}{}% 6
\BOOKMARK [0][]{section*.7}{\376\377\000L\000I\000S\000T\000\040\000O\000F\000\040\000A\000B\000B\000R\000E\000V\000I\000A\000T\000I\000O\000N}{}% 7
\BOOKMARK [0][]{chapter.1}{\376\377\0001\000\040\000I\000N\000T\000R\000O\000D\000U\000C\000T\000I\000O\000N}{}% 8
\BOOKMARK [1][]{section.1.1}{\376\377\0001\000.\0001\000\040\000B\000a\000c\000k\000g\000r\000o\000u\000n\000d}{chapter.1}% 9
\BOOKMARK [1][]{section.1.2}{\376\377\0001\000.\0002\000\040\000P\000r\000o\000b\000l\000e\000m\000\040\000S\000t\000a\000t\000e\000m\000e\000n\000t}{chapter.1}% 10
\BOOKMARK [1][]{section.1.3}{\376\377\0001\000.\0003\000\040\000R\000e\000s\000e\000a\000r\000c\000h\000\040\000O\000b\000j\000e\000c\000t\000i\000v\000e}{chapter.1}% 11
\BOOKMARK [1][]{section.1.4}{\376\377\0001\000.\0004\000\040\000R\000e\000s\000e\000a\000r\000c\000h\000\040\000G\000a\000p}{chapter.1}% 12
\BOOKMARK [1][]{section.1.5}{\376\377\0001\000.\0005\000\040\000S\000c\000o\000p\000e\000\040\000a\000n\000d\000\040\000L\000i\000m\000i\000t\000a\000t\000i\000o\000n\000s}{chapter.1}% 13
\BOOKMARK [1][]{section.1.6}{\376\377\0001\000.\0006\000\040\000M\000e\000t\000h\000o\000d\000o\000l\000o\000g\000y\000\040\000O\000v\000e\000r\000v\000i\000e\000w}{chapter.1}% 14
\BOOKMARK [1][]{section.1.7}{\376\377\0001\000.\0007\000\040\000T\000h\000e\000s\000i\000s\000\040\000O\000u\000t\000l\000i\000n\000e}{chapter.1}% 15
\BOOKMARK [0][]{chapter.2}{\376\377\0002\000\040\000L\000i\000t\000e\000r\000a\000t\000u\000r\000e\000\040\000R\000e\000v\000i\000e\000w}{}% 16
\BOOKMARK [1][]{section.2.1}{\376\377\0002\000.\0001\000\040\000R\000e\000v\000i\000e\000w\000\040\000o\000f\000\040\000R\000e\000l\000a\000t\000e\000d\000\040\000R\000e\000s\000e\000a\000r\000c\000h}{chapter.2}% 17
\BOOKMARK [2][]{subsection.2.1.1}{\376\377\0002\000.\0001\000.\0001\000\040\000T\000r\000i\000a\000n\000g\000u\000l\000a\000t\000i\000o\000n\000\040\000o\000f\000\040\000E\000x\000p\000e\000c\000t\000e\000d\000\040\000O\000u\000t\000c\000o\000m\000e\000s}{section.2.1}% 18
\BOOKMARK [1][]{section.2.2}{\376\377\0002\000.\0002\000\040\000F\000u\000n\000d\000a\000m\000e\000n\000t\000a\000l\000s\000\040\000o\000f\000\040\000H\000y\000p\000e\000r\000s\000o\000n\000i\000c\000\040\000A\000e\000r\000o\000d\000y\000n\000a\000m\000i\000c\000s}{chapter.2}% 19
\BOOKMARK [2][]{subsection.2.2.1}{\376\377\0002\000.\0002\000.\0001\000\040\000M\000a\000c\000h\000\040\000N\000u\000m\000b\000e\000r\000\040\000a\000n\000d\000\040\000t\000h\000e\000\040\000H\000y\000p\000e\000r\000s\000o\000n\000i\000c\000\040\000R\000e\000g\000i\000m\000e\000\040\000\050\000M\000a\000\040\000>\000\040\0005\000\051}{section.2.2}% 20
\BOOKMARK [2][]{subsection.2.2.2}{\376\377\0002\000.\0002\000.\0002\000\040\000S\000h\000o\000c\000k\000\040\000W\000a\000v\000e\000\040\000F\000o\000r\000m\000a\000t\000i\000o\000n\000\040\000a\000n\000d\000\040\000P\000r\000o\000p\000e\000r\000t\000i\000e\000s}{section.2.2}% 21
\BOOKMARK [2][]{subsection.2.2.3}{\376\377\0002\000.\0002\000.\0003\000\040\000I\000n\000v\000a\000l\000i\000d\000i\000t\000y\000\040\000o\000f\000\040\000S\000u\000b\000s\000o\000n\000i\000c\000/\000S\000u\000p\000e\000r\000s\000o\000n\000i\000c\000\040\000A\000s\000s\000u\000m\000p\000t\000i\000o\000n\000s\000\040\000\050\000E\000n\000t\000r\000o\000p\000y\000\040\000l\000a\000y\000e\000r\000s\000,\000\040\000V\000i\000s\000c\000o\000u\000s\000\040\000i\000n\000t\000e\000r\000a\000c\000t\000i\000o\000n\000\051}{section.2.2}% 22
\BOOKMARK [1][]{section.2.3}{\376\377\0002\000.\0003\000\040\000A\000e\000r\000o\000t\000h\000e\000r\000m\000o\000d\000y\000n\000a\000m\000i\000c\000s\000\040\000o\000f\000\040\000R\000e\000-\000e\000n\000t\000r\000y\000\040\000V\000e\000h\000i\000c\000l\000e\000s}{chapter.2}% 23
\BOOKMARK [2][]{subsection.2.3.1}{\376\377\0002\000.\0003\000.\0001\000\040\000M\000e\000c\000h\000a\000n\000i\000s\000m\000s\000\040\000o\000f\000\040\000A\000e\000r\000o\000d\000y\000n\000a\000m\000i\000c\000\040\000H\000e\000a\000t\000i\000n\000g\000\040\000\050\000K\000i\000n\000e\000t\000i\000c\000\040\000t\000o\000\040\000T\000h\000e\000r\000m\000a\000l\000\040\000e\000n\000e\000r\000g\000y\000\040\000c\000o\000n\000v\000e\000r\000s\000i\000o\000n\000\051}{section.2.3}% 24
\BOOKMARK [2][]{subsection.2.3.2}{\376\377\0002\000.\0003\000.\0002\000\040\000B\000o\000w\000\040\000S\000h\000o\000c\000k\000\040\000S\000t\000a\000n\000d\000-\000o\000f\000f\000/\000d\000e\000t\000a\000c\000h\000m\000e\000n\000t\000\040\000D\000i\000s\000t\000a\000n\000c\000e}{section.2.3}% 25
\BOOKMARK [2][]{subsection.2.3.3}{\376\377\0002\000.\0003\000.\0003\000\040\000H\000.\000\040\000J\000u\000l\000i\000a\000n\000\040\000A\000l\000l\000e\000n\040\031\000s\000\040\000B\000l\000u\000n\000t\000\040\000B\000o\000d\000y\000\040\000T\000h\000e\000o\000r\000y\000\040}{section.2.3}% 26
\BOOKMARK [1][]{section.2.4}{\376\377\0002\000.\0004\000\040\000T\000h\000e\000r\000m\000a\000l\000\040\000P\000r\000o\000t\000e\000c\000t\000i\000o\000n\000\040\000S\000y\000s\000t\000e\000m\000s\000\040\000\050\000T\000P\000S\000\051\000\040\000T\000e\000c\000h\000n\000o\000l\000o\000g\000y}{chapter.2}% 27
\BOOKMARK [2][]{subsection.2.4.1}{\376\377\0002\000.\0004\000.\0001\000\040\000C\000o\000n\000v\000e\000n\000t\000i\000o\000n\000a\000l\000\040\000R\000i\000g\000i\000d\000\040\000T\000P\000S\000\040\000\050\000A\000b\000l\000a\000t\000i\000v\000e\000\040\000a\000n\000d\000\040\000R\000e\000-\000u\000s\000a\000b\000l\000e\000\040\000t\000i\000l\000e\000s\000\051}{section.2.4}% 28
\BOOKMARK [2][]{subsection.2.4.2}{\376\377\0002\000.\0004\000.\0002\000\040\000H\000y\000p\000e\000r\000s\000o\000n\000i\000c\000\040\000I\000n\000f\000l\000a\000t\000a\000b\000l\000e\000\040\000A\000e\000r\000o\000d\000y\000n\000a\000m\000i\000c\000\040\000D\000e\000c\000e\000l\000e\000r\000a\000t\000o\000r\000s\000\040\000\050\000H\000I\000A\000D\000/\000L\000O\000F\000T\000I\000D\000\051}{section.2.4}% 29
\BOOKMARK [2][]{subsection.2.4.3}{\376\377\0002\000.\0004\000.\0003\000\040\000C\000o\000m\000p\000a\000r\000i\000s\000o\000n\000\040\000o\000f\000\040\000R\000i\000g\000i\000d\000\040\000v\000s\000.\000\040\000F\000l\000e\000x\000i\000b\000l\000e\000\040\000S\000t\000r\000u\000c\000t\000u\000r\000e\000s}{section.2.4}% 30
\BOOKMARK [1][]{section.2.5}{\376\377\0002\000.\0005\000\040\000I\000m\000p\000a\000c\000t\000\040\000o\000f\000\040\000S\000u\000r\000f\000a\000c\000e\000\040\000G\000e\000o\000m\000e\000t\000r\000y\000\040\000o\000n\000\040\000F\000l\000o\000w\000\040\000P\000h\000y\000s\000i\000c\000s}{chapter.2}% 31
\BOOKMARK [2][]{subsection.2.5.1}{\376\377\0002\000.\0005\000.\0001\000\040\000F\000l\000o\000w\000\040\000o\000v\000e\000r\000\040\000W\000a\000v\000y\000\040\000a\000n\000d\000\040\000S\000c\000a\000l\000l\000o\000p\000e\000d\000\040\000W\000a\000l\000l\000s}{section.2.5}% 32
\BOOKMARK [2][]{subsection.2.5.2}{\376\377\0002\000.\0005\000.\0002\000\040\000S\000h\000o\000c\000k\000-\000B\000o\000u\000n\000d\000a\000r\000y\000\040\000L\000a\000y\000e\000r\000\040\000I\000n\000t\000e\000r\000a\000c\000t\000i\000o\000n\000\040\000\050\000S\000B\000L\000I\000\051\000\040\000o\000n\000\040\000R\000o\000u\000g\000h\000\040\000S\000u\000r\000f\000a\000c\000e\000s}{section.2.5}% 33
\BOOKMARK [2][]{subsection.2.5.3}{\376\377\0002\000.\0005\000.\0003\000\040\000R\000e\000c\000i\000r\000c\000u\000l\000a\000t\000i\000o\000n\000\040\000Z\000o\000n\000e\000s\000\040\000a\000n\000d\000\040\000S\000t\000a\000g\000n\000a\000t\000i\000o\000n\000\040\000i\000n\000\040\000S\000u\000r\000f\000a\000c\000e\000\040\000V\000a\000l\000l\000e\000y\000s}{section.2.5}% 34
\BOOKMARK [2][]{subsection.2.5.4}{\376\377\0002\000.\0005\000.\0004\000\040\000L\000o\000c\000a\000l\000i\000z\000e\000d\000\040\000P\000e\000a\000k\000\040\000H\000e\000a\000t\000i\000n\000g\000\040\000E\000f\000f\000e\000c\000t\000s}{section.2.5}% 35
\BOOKMARK [1][]{section.2.6}{\376\377\0002\000.\0006\000\040\000T\000h\000e\000o\000r\000e\000t\000i\000c\000a\000l\000\040\000F\000r\000a\000m\000e\000w\000o\000r\000k\000\040\000o\000f\000\040\000C\000F\000D}{chapter.2}% 36
\BOOKMARK [2][]{subsection.2.6.1}{\376\377\0002\000.\0006\000.\0001\000\040\000T\000h\000e\000\040\000N\000a\000v\000i\000e\000r\000-\000S\000t\000o\000k\000e\000s\000\040\000E\000q\000u\000a\000t\000i\000o\000n\000s\000\040\000\050\000C\000o\000n\000s\000e\000r\000v\000a\000t\000i\000o\000n\000\040\000o\000f\000\040\000M\000o\000m\000e\000n\000t\000u\000m\000\051}{section.2.6}% 37
\BOOKMARK [2][]{subsection.2.6.2}{\376\377\0002\000.\0006\000.\0002\000\040\000C\000o\000n\000s\000e\000r\000v\000a\000t\000i\000o\000n\000\040\000o\000f\000\040\000M\000a\000s\000s\000\040\000a\000n\000d\000\040\000E\000n\000e\000r\000g\000y\000\040\000E\000q\000u\000a\000t\000i\000o\000n\000s}{section.2.6}% 38
\BOOKMARK [2][]{subsection.2.6.3}{\376\377\0002\000.\0006\000.\0003\000\040\000F\000i\000n\000i\000t\000e\000\040\000V\000o\000l\000u\000m\000e\000\040\000M\000e\000t\000h\000o\000d\000\040\000\050\000F\000V\000M\000\051\000\040\000D\000i\000s\000c\000r\000e\000t\000i\000z\000a\000t\000i\000o\000n\000\040\000\050\000T\000h\000e\000\040\000b\000a\000s\000i\000s\000\040\000o\000f\000\040\000A\000n\000s\000y\000s\000/\000O\000p\000e\000n\000F\000O\000A\000M\000\051}{section.2.6}% 39
\BOOKMARK [1][]{section.2.7}{\376\377\0002\000.\0007\000\040\000T\000u\000r\000b\000u\000l\000e\000n\000c\000e\000\040\000M\000o\000d\000e\000l\000i\000n\000g\000\040\000f\000o\000r\000\040\000H\000i\000g\000h\000-\000S\000p\000e\000e\000d\000\040\000F\000l\000o\000w\000s}{chapter.2}% 40
\BOOKMARK [2][]{subsection.2.7.1}{\376\377\0002\000.\0007\000.\0001\000\040\000T\000h\000e\000\040\000C\000l\000o\000s\000u\000r\000e\000\040\000P\000r\000o\000b\000l\000e\000m\000\040\000\050\000R\000A\000N\000S\000\040\000E\000q\000u\000a\000t\000i\000o\000n\000s\000\051}{section.2.7}% 41
\BOOKMARK [2][]{subsection.2.7.2}{\376\377\0002\000.\0007\000.\0002\000\040\000C\000o\000m\000p\000a\000r\000i\000s\000o\000n\000\040\000o\000f\000\040\000k\000-\000\040\000v\000s\000.\000\040\000k\000-\000\040\000m\000o\000d\000e\000l\000s}{section.2.7}% 42
\BOOKMARK [2][]{subsection.2.7.3}{\376\377\0002\000.\0007\000.\0003\000\040\000T\000h\000e\000\040\000S\000S\000T\000\040\000\050\000S\000h\000e\000a\000r\000\040\000S\000t\000r\000e\000s\000s\000\040\000T\000r\000a\000n\000s\000p\000o\000r\000t\000\051\000\040\000k\000-\000\040\000M\000o\000d\000e\000l\000\040\000\050\000W\000h\000y\000\040\000i\000t\000\040\000i\000s\000\040\000c\000h\000o\000s\000e\000n\000\040\000f\000o\000r\000\040\000W\000a\000l\000l\000\040\000H\000e\000a\000t\000\040\000F\000l\000u\000x\000\051}{section.2.7}% 43
\BOOKMARK [1][]{section.2.8}{\376\377\0002\000.\0008\000\040\000T\000h\000e\000r\000m\000o\000d\000y\000n\000a\000m\000i\000c\000\040\000G\000a\000s\000\040\000M\000o\000d\000e\000l\000s}{chapter.2}% 44
\BOOKMARK [2][]{subsection.2.8.1}{\376\377\0002\000.\0008\000.\0001\000\040\000T\000h\000e\000\040\000E\000q\000u\000a\000t\000i\000o\000n\000\040\000o\000f\000\040\000S\000t\000a\000t\000e\000:\000\040\000I\000d\000e\000a\000l\000\040\000G\000a\000s\000\040\000v\000s\000.\000\040\000R\000e\000a\000l\000\040\000G\000a\000s\000\040\000E\000f\000f\000e\000c\000t\000s}{section.2.8}% 45
\BOOKMARK [2][]{subsection.2.8.2}{\376\377\0002\000.\0008\000.\0002\000\040\000C\000a\000l\000o\000r\000i\000c\000a\000l\000l\000y\000\040\000P\000e\000r\000f\000e\000c\000t\000\040\000v\000s\000.\000\040\000T\000h\000e\000r\000m\000a\000l\000l\000y\000\040\000P\000e\000r\000f\000e\000c\000t\000\040\000G\000a\000s\000\040\000\050\000V\000a\000r\000i\000a\000b\000l\000e\000\040\000C\000p\000\051}{section.2.8}% 46
\BOOKMARK [2][]{subsection.2.8.3}{\376\377\0002\000.\0008\000.\0003\000\040\000T\000e\000m\000p\000e\000r\000a\000t\000u\000r\000e\000-\000D\000e\000p\000e\000n\000d\000e\000n\000t\000\040\000V\000i\000s\000c\000o\000s\000i\000t\000y\000\040\000\050\000S\000u\000t\000h\000e\000r\000l\000a\000n\000d\040\031\000s\000\040\000L\000a\000w\000\051}{section.2.8}% 47
\BOOKMARK [1][]{section.2.9}{\376\377\0002\000.\0009\000\040\000N\000u\000m\000e\000r\000i\000c\000a\000l\000\040\000S\000o\000l\000v\000e\000r\000s\000\040\000a\000n\000d\000\040\000S\000c\000h\000e\000m\000e\000s}{chapter.2}% 48
\BOOKMARK [2][]{subsection.2.9.1}{\376\377\0002\000.\0009\000.\0001\000\040\000D\000e\000n\000s\000i\000t\000y\000-\000B\000a\000s\000e\000d\000\040\000S\000o\000l\000v\000e\000r\000\040\000F\000o\000r\000m\000u\000l\000a\000t\000i\000o\000n}{section.2.9}% 49
\BOOKMARK [2][]{subsection.2.9.2}{\376\377\0002\000.\0009\000.\0002\000\040\000F\000l\000u\000x\000\040\000D\000i\000s\000c\000r\000e\000t\000i\000z\000a\000t\000i\000o\000n\000\040\000S\000c\000h\000e\000m\000e\000s}{section.2.9}% 50
\BOOKMARK [2][]{subsection.2.9.3}{\376\377\0002\000.\0009\000.\0003\000\040\000S\000h\000o\000c\000k\000\040\000C\000a\000p\000t\000u\000r\000i\000n\000g\000\040\000S\000c\000h\000e\000m\000e\000s\000\040\000\050\000U\000p\000w\000i\000n\000d\000,\000\040\000F\000l\000u\000x\000\040\000s\000p\000l\000i\000t\000t\000i\000n\000g\000\051}{section.2.9}% 51
\BOOKMARK [0][]{chapter.3}{\376\377\0003\000\040\000M\000E\000T\000H\000O\000D\000O\000L\000O\000G\000Y}{}% 52
\BOOKMARK [1][]{section.3.1}{\376\377\0003\000.\0001\000\040\000R\000e\000s\000e\000a\000r\000c\000h\000\040\000D\000e\000s\000i\000g\000n\000\040\000a\000n\000d\000\040\000W\000o\000r\000k\000f\000l\000o\000w}{chapter.3}% 53
\BOOKMARK [1][]{section.3.2}{\376\377\0003\000.\0002\000\040\000G\000e\000o\000m\000e\000t\000r\000i\000c\000\040\000M\000o\000d\000e\000l\000i\000n\000g\000\040\000a\000n\000d\000\040\000C\000o\000m\000p\000u\000t\000a\000t\000i\000o\000n\000a\000l\000\040\000D\000o\000m\000a\000i\000n}{chapter.3}% 54
\BOOKMARK [2][]{subsection.3.2.1}{\376\377\0003\000.\0002\000.\0001\000\040\000P\000a\000r\000a\000m\000e\000t\000r\000i\000c\000\040\000G\000e\000o\000m\000e\000t\000r\000y\000\040\000G\000e\000n\000e\000r\000a\000t\000i\000o\000n}{section.3.2}% 55
\BOOKMARK [2][]{subsection.3.2.2}{\376\377\0003\000.\0002\000.\0002\000\040\000V\000e\000h\000i\000c\000l\000e\000\040\000S\000p\000e\000c\000i\000f\000i\000c\000a\000t\000i\000o\000n\000s\000\040\000a\000n\000d\000\040\000S\000c\000a\000l\000i\000n\000g}{section.3.2}% 56
\BOOKMARK [2][]{subsection.3.2.3}{\376\377\0003\000.\0002\000.\0003\000\040\000I\000n\000t\000e\000r\000n\000a\000l\000\040\000A\000r\000c\000h\000i\000t\000e\000c\000t\000u\000r\000e\000\040\000a\000n\000d\000\040\000S\000c\000a\000l\000l\000o\000p\000\040\000D\000e\000f\000i\000n\000i\000t\000i\000o\000n}{section.3.2}% 57
\BOOKMARK [2][]{subsection.3.2.4}{\376\377\0003\000.\0002\000.\0004\000\040\000C\000o\000n\000f\000i\000g\000u\000r\000a\000t\000i\000o\000n\000\040\000D\000e\000f\000i\000n\000i\000t\000i\000o\000n\000s}{section.3.2}% 58
\BOOKMARK [1][]{section.3.3}{\376\377\0003\000.\0003\000\040\000M\000e\000s\000h\000\040\000G\000e\000n\000e\000r\000a\000t\000i\000o\000n\000\040\000S\000t\000r\000a\000t\000e\000g\000y}{chapter.3}% 59
\BOOKMARK [2][]{subsection.3.3.1}{\376\377\0003\000.\0003\000.\0001\000\040\000G\000r\000i\000d\000\040\000T\000o\000p\000o\000l\000o\000g\000y}{section.3.3}% 60
\BOOKMARK [2][]{subsection.3.3.2}{\376\377\0003\000.\0003\000.\0002\000\040\000N\000e\000a\000r\000-\000W\000a\000l\000l\000\040\000R\000e\000f\000i\000n\000e\000m\000e\000n\000t\000\040\000\050\000y\000+\000\040\000S\000t\000r\000a\000t\000e\000g\000y\000\051}{section.3.3}% 61
\BOOKMARK [2][]{subsection.3.3.3}{\376\377\0003\000.\0003\000.\0003\000\040\000G\000r\000i\000d\000\040\000I\000n\000d\000e\000p\000e\000n\000d\000e\000n\000c\000e\000\040\000S\000t\000u\000d\000y}{section.3.3}% 62
\BOOKMARK [1][]{section.3.4}{\376\377\0003\000.\0004\000\040\000C\000F\000D\000\040\000P\000h\000y\000s\000i\000c\000a\000l\000\040\000C\000o\000n\000f\000i\000g\000u\000r\000a\000t\000i\000o\000n}{chapter.3}% 63
\BOOKMARK [2][]{subsection.3.4.1}{\376\377\0003\000.\0004\000.\0001\000\040\000T\000u\000r\000b\000u\000l\000e\000n\000c\000e\000\040\000M\000o\000d\000e\000l\000i\000n\000g}{section.3.4}% 64
\BOOKMARK [2][]{subsection.3.4.2}{\376\377\0003\000.\0004\000.\0002\000\040\000T\000h\000e\000r\000m\000o\000d\000y\000n\000a\000m\000i\000c\000\040\000G\000a\000s\000\040\000M\000o\000d\000e\000l}{section.3.4}% 65
\BOOKMARK [1][]{section.3.5}{\376\377\0003\000.\0005\000\040\000B\000o\000u\000n\000d\000a\000r\000y\000\040\000C\000o\000n\000d\000i\000t\000i\000o\000n\000s}{chapter.3}% 66
\BOOKMARK [2][]{subsection.3.5.1}{\376\377\0003\000.\0005\000.\0001\000\040\000P\000r\000e\000s\000s\000u\000r\000e\000\040\000F\000a\000r\000-\000F\000i\000e\000l\000d\000\040\000\050\000I\000n\000l\000e\000t\000\051}{section.3.5}% 67
\BOOKMARK [2][]{subsection.3.5.2}{\376\377\0003\000.\0005\000.\0002\000\040\000A\000e\000r\000o\000s\000h\000e\000l\000l\000\040\000W\000a\000l\000l\000\040\000\050\000I\000s\000o\000t\000h\000e\000r\000m\000a\000l\000\051}{section.3.5}% 68
\BOOKMARK [2][]{subsection.3.5.3}{\376\377\0003\000.\0005\000.\0003\000\040\000S\000y\000m\000m\000e\000t\000r\000y\000\040\000a\000n\000d\000\040\000O\000u\000t\000l\000e\000t}{section.3.5}% 69
\BOOKMARK [1][]{section.3.6}{\376\377\0003\000.\0006\000\040\000N\000u\000m\000e\000r\000i\000c\000a\000l\000\040\000S\000o\000l\000u\000t\000i\000o\000n\000\040\000S\000t\000r\000a\000t\000e\000g\000y}{chapter.3}% 70
\BOOKMARK [2][]{subsection.3.6.1}{\376\377\0003\000.\0006\000.\0001\000\040\000S\000o\000l\000v\000e\000r\000\040\000C\000o\000n\000f\000i\000g\000u\000r\000a\000t\000i\000o\000n}{section.3.6}% 71
\BOOKMARK [2][]{subsection.3.6.2}{\376\377\0003\000.\0006\000.\0002\000\040\000S\000p\000a\000t\000i\000a\000l\000\040\000D\000i\000s\000c\000r\000e\000t\000i\000z\000a\000t\000i\000o\000n\000\040\000S\000c\000h\000e\000m\000e\000s}{section.3.6}% 72
\BOOKMARK [2][]{subsection.3.6.3}{\376\377\0003\000.\0006\000.\0003\000\040\000C\000o\000n\000v\000e\000r\000g\000e\000n\000c\000e\000\040\000C\000r\000i\000t\000e\000r\000i\000a}{section.3.6}% 73
\BOOKMARK [1][]{section.3.7}{\376\377\0003\000.\0007\000\040\000D\000a\000t\000a\000\040\000P\000r\000o\000c\000e\000s\000s\000i\000n\000g\000\040\000a\000n\000d\000\040\000V\000a\000l\000i\000d\000a\000t\000i\000o\000n}{chapter.3}% 74
\BOOKMARK [2][]{subsection.3.7.1}{\376\377\0003\000.\0007\000.\0001\000\040\000D\000a\000t\000a\000\040\000E\000x\000t\000r\000a\000c\000t\000i\000o\000n\000\040\000a\000n\000d\000\040\000N\000o\000r\000m\000a\000l\000i\000z\000a\000t\000i\000o\000n}{section.3.7}% 75
\BOOKMARK [2][]{subsection.3.7.2}{\376\377\0003\000.\0007\000.\0002\000\040\000T\000h\000e\000o\000r\000e\000t\000i\000c\000a\000l\000\040\000V\000a\000l\000i\000d\000a\000t\000i\000o\000n\000\040\000\050\000F\000a\000y\000-\000R\000i\000d\000d\000e\000l\000l\000\040\000C\000o\000r\000r\000e\000l\000a\000t\000i\000o\000n\000\051}{section.3.7}% 76
\BOOKMARK [1][]{section.3.8}{\376\377\0003\000.\0008\000\040\000R\000e\000s\000e\000a\000r\000c\000h\000\040\000S\000c\000h\000e\000d\000u\000l\000e}{chapter.3}% 77
\BOOKMARK [0][]{chapter.4}{\376\377\0004\000\040\000P\000r\000e\000l\000i\000m\000i\000n\000a\000r\000y\000\040\000R\000e\000s\000u\000l\000t\000\040\000a\000n\000d\000\040\000D\000i\000s\000c\000u\000s\000s\000i\000o\000n\000:\000\040\000H\000y\000p\000o\000t\000h\000e\000s\000i\000s\000\040\000f\000r\000o\000m\000\040\000L\000i\000t\000e\000r\000a\000t\000u\000r\000e\000\040\000R\000e\000v\000i\000e\000w}{}% 78
\BOOKMARK [1][]{section.4.1}{\376\377\0004\000.\0001\000\040\000I\000n\000t\000r\000o\000d\000u\000c\000t\000i\000o\000n}{chapter.4}% 79
\BOOKMARK [1][]{section.4.2}{\376\377\0004\000.\0002\000\040\000H\000y\000p\000o\000t\000h\000e\000s\000i\000s\000\040\0001\000:\000\040\000A\000e\000r\000o\000t\000h\000e\000r\000m\000a\000l\000\040\000A\000u\000g\000m\000e\000n\000t\000a\000t\000i\000o\000n\000\040\000o\000n\000\040\000T\000o\000r\000o\000i\000d\000a\000l\000\040\000C\000r\000e\000s\000t\000s}{chapter.4}% 80
\BOOKMARK [2][]{subsection.4.2.1}{\376\377\0004\000.\0002\000.\0001\000\040\000T\000h\000e\000o\000r\000e\000t\000i\000c\000a\000l\000\040\000D\000e\000r\000i\000v\000a\000t\000i\000o\000n\000\040\000o\000f\000\040\000H\000e\000a\000t\000\040\000F\000l\000u\000x\000\040\000S\000c\000a\000l\000i\000n\000g}{section.4.2}% 81
\BOOKMARK [2][]{subsection.4.2.2}{\376\377\0004\000.\0002\000.\0002\000\040\000E\000x\000p\000e\000c\000t\000e\000d\000\040\000O\000u\000t\000c\000o\000m\000e}{section.4.2}% 82
\BOOKMARK [1][]{section.4.3}{\376\377\0004\000.\0003\000\040\000H\000y\000p\000o\000t\000h\000e\000s\000i\000s\000\040\0002\000:\000\040\000F\000o\000r\000m\000a\000t\000i\000o\000n\000\040\000o\000f\000\040\000S\000t\000a\000b\000l\000e\000\040\000R\000e\000c\000i\000r\000c\000u\000l\000a\000t\000i\000o\000n\000\040\000Z\000o\000n\000e\000s\000\040\000i\000n\000\040\000V\000a\000l\000l\000e\000y\000s}{chapter.4}% 83
\BOOKMARK [1][]{section.4.4}{\376\377\0004\000.\0004\000\040\000H\000y\000p\000o\000t\000h\000e\000s\000i\000s\000\040\0003\000:\000\040\000S\000h\000o\000c\000k\000-\000B\000o\000u\000n\000d\000a\000r\000y\000\040\000L\000a\000y\000e\000r\000\040\000I\000n\000t\000e\000r\000a\000c\000t\000i\000o\000n\000s}{chapter.4}% 84
\BOOKMARK [1][]{section.4.5}{\376\377\0004\000.\0005\000\040\000H\000y\000p\000o\000t\000h\000e\000s\000i\000s\000\040\0004\000:\000\040\000D\000r\000a\000g\000\040\000C\000o\000e\000f\000f\000i\000c\000i\000e\000n\000t\000\040\000C\000o\000m\000p\000a\000r\000i\000s\000o\000n}{chapter.4}% 85
\BOOKMARK [1][]{section.4.6}{\376\377\0004\000.\0006\000\040\000H\000y\000p\000o\000t\000h\000e\000s\000i\000s\000\040\0005\000:\000\040\000I\000m\000p\000a\000c\000t\000\040\000o\000f\000\040\000t\000h\000e\000\040\000T\000h\000e\000r\000m\000a\000l\000l\000y\000\040\000P\000e\000r\000f\000e\000c\000t\000\040\000G\000a\000s\000\040\000M\000o\000d\000e\000l}{chapter.4}% 86
\BOOKMARK [2][]{subsection.4.6.1}{\376\377\0004\000.\0006\000.\0001\000\040\000D\000e\000r\000i\000v\000a\000t\000i\000o\000n\000\040\000o\000f\000\040\000S\000t\000a\000g\000n\000a\000t\000i\000o\000n\000\040\000T\000e\000m\000p\000e\000r\000a\000t\000u\000r\000e}{section.4.6}% 87
\BOOKMARK [2][]{subsection.4.6.2}{\376\377\0004\000.\0006\000.\0002\000\040\000I\000l\000l\000u\000s\000t\000r\000a\000t\000i\000v\000e\000\040\000C\000a\000l\000c\000u\000l\000a\000t\000i\000o\000n}{section.4.6}% 88
\BOOKMARK [2][]{subsection.4.6.3}{\376\377\0004\000.\0006\000.\0003\000\040\000E\000x\000p\000e\000c\000t\000e\000d\000\040\000O\000u\000t\000c\000o\000m\000e}{section.4.6}% 89
\BOOKMARK [1][]{section.4.7}{\376\377\0004\000.\0007\000\040\000A\000v\000a\000i\000l\000a\000b\000l\000e\000\040\000D\000a\000t\000a\000\040\000f\000r\000o\000m\000\040\000P\000r\000e\000v\000i\000o\000u\000s\000\040\000S\000t\000u\000d\000i\000e\000s}{chapter.4}% 90
\BOOKMARK [2][]{subsection.4.7.1}{\376\377\0004\000.\0007\000.\0001\000\040\000T\000h\000e\000r\000m\000a\000l\000\040\000P\000r\000o\000t\000e\000c\000t\000i\000o\000n\000\040\000S\000y\000s\000t\000e\000m\000\040\000\050\000T\000P\000S\000\051\000\040\000P\000e\000r\000f\000o\000r\000m\000a\000n\000c\000e\000\040\000a\000n\000d\000\040\000L\000i\000m\000i\000t\000s}{section.4.7}% 91
\BOOKMARK [2][]{subsection.4.7.2}{\376\377\0004\000.\0007\000.\0002\000\040\000F\000l\000i\000g\000h\000t\000\040\000R\000e\000c\000o\000n\000s\000t\000r\000u\000c\000t\000i\000o\000n\000\040\000a\000n\000d\000\040\000S\000i\000m\000u\000l\000a\000t\000i\000o\000n\000\040\000D\000i\000s\000c\000r\000e\000p\000a\000n\000c\000i\000e\000s}{section.4.7}% 92
\BOOKMARK [2][]{subsection.4.7.3}{\376\377\0004\000.\0007\000.\0003\000\040\000T\000r\000a\000j\000e\000c\000t\000o\000r\000y\000\040\000a\000n\000d\000\040\000H\000e\000a\000t\000\040\000R\000a\000t\000e\000\040\000S\000c\000a\000l\000i\000n\000g}{section.4.7}% 93
\BOOKMARK [2][]{subsection.4.7.4}{\376\377\0004\000.\0007\000.\0004\000\040\000C\000o\000n\000c\000l\000u\000s\000i\000o\000n\000s\000\040\000f\000r\000o\000m\000\040\000I\000R\000V\000E\000-\0003\000\040\000M\000i\000s\000s\000i\000o\000n\000\040\000D\000a\000t\000a}{section.4.7}% 94
\BOOKMARK [1][]{section.4.8}{\376\377\0004\000.\0008\000\040\000D\000i\000s\000c\000u\000s\000s\000i\000o\000n\000:\000\040\000S\000y\000n\000t\000h\000e\000s\000i\000s\000\040\000o\000f\000\040\000H\000y\000p\000o\000t\000h\000e\000s\000e\000s\000\040\000a\000n\000d\000\040\000E\000m\000p\000i\000r\000i\000c\000a\000l\000\040\000B\000e\000n\000c\000h\000m\000a\000r\000k\000s}{chapter.4}% 95
\BOOKMARK [2][]{subsection.4.8.1}{\376\377\0004\000.\0008\000.\0001\000\040\000V\000e\000r\000i\000f\000i\000c\000a\000t\000i\000o\000n\000\040\000o\000f\000\040\000S\000c\000a\000l\000i\000n\000g\000\040\000a\000n\000d\000\040\000A\000u\000g\000m\000e\000n\000t\000a\000t\000i\000o\000n\000\040\000P\000r\000e\000d\000i\000c\000t\000i\000o\000n\000s}{section.4.8}% 96
\BOOKMARK [2][]{subsection.4.8.2}{\376\377\0004\000.\0008\000.\0002\000\040\000M\000a\000t\000e\000r\000i\000a\000l\000\040\000S\000a\000f\000e\000t\000y\000\040\000M\000a\000r\000g\000i\000n\000s\000\040\000a\000n\000d\000\040\000P\000h\000y\000s\000i\000c\000a\000l\000\040\000H\000y\000p\000o\000t\000h\000e\000s\000e\000s}{section.4.8}% 97
\BOOKMARK [2][]{subsection.4.8.3}{\376\377\0004\000.\0008\000.\0003\000\040\000I\000m\000p\000l\000i\000c\000a\000t\000i\000o\000n\000s\000\040\000f\000o\000r\000\040\000S\000i\000m\000u\000l\000a\000t\000i\000o\000n\000\040\000S\000t\000r\000a\000t\000e\000g\000y}{section.4.8}% 98
\BOOKMARK [1][]{section.4.9}{\376\377\0004\000.\0009\000\040\000I\000d\000e\000n\000t\000i\000f\000i\000c\000a\000t\000i\000o\000n\000\040\000o\000f\000\040\000M\000i\000s\000s\000i\000n\000g\000\040\000D\000a\000t\000a\000\040\000a\000n\000d\000\040\000R\000e\000s\000e\000a\000r\000c\000h\000\040\000O\000b\000j\000e\000c\000t\000i\000v\000e\000s}{chapter.4}% 99
\BOOKMARK [2][]{subsection.4.9.1}{\376\377\0004\000.\0009\000.\0001\000\040\000L\000o\000c\000a\000l\000\040\000S\000c\000a\000l\000l\000o\000p\000i\000n\000g\000\040\000E\000f\000f\000e\000c\000t\000s\000\040\000v\000s\000.\000\040\000G\000l\000o\000b\000a\000l\000\040\000A\000v\000e\000r\000a\000g\000e\000s}{section.4.9}% 100
\BOOKMARK [2][]{subsection.4.9.2}{\376\377\0004\000.\0009\000.\0002\000\040\000A\000t\000m\000o\000s\000p\000h\000e\000r\000i\000c\000\040\000D\000e\000n\000s\000i\000t\000y\000\040\000A\000n\000o\000m\000a\000l\000i\000e\000s}{section.4.9}% 101
\BOOKMARK [2][]{subsection.4.9.3}{\376\377\0004\000.\0009\000.\0003\000\040\000G\000e\000n\000-\0002\000\040\000a\000n\000d\000\040\000G\000e\000n\000-\0003\000\040\000M\000a\000t\000e\000r\000i\000a\000l\000\040\000L\000i\000m\000i\000t\000s\000\040\000i\000n\000\040\000S\000c\000a\000l\000l\000o\000p\000e\000d\000\040\000F\000l\000o\000w}{section.4.9}% 102
\BOOKMARK [0][]{chapter.5}{\376\377\0005\000\040\000P\000r\000e\000l\000i\000m\000i\000n\000a\000r\000y\000\040\000S\000y\000n\000t\000h\000e\000s\000i\000s\000\040\000C\000o\000n\000c\000l\000u\000s\000i\000o\000n\000\040\000a\000n\000d\000\040\000P\000r\000o\000p\000o\000s\000e\000d\000\040\000R\000e\000s\000e\000a\000r\000c\000h\000\040\000P\000a\000t\000h}{}% 103
\BOOKMARK [1][]{section.5.1}{\376\377\0005\000.\0001\000\040\000S\000u\000m\000m\000a\000r\000y\000\040\000o\000f\000\040\000H\000y\000p\000o\000t\000h\000e\000t\000i\000c\000a\000l\000\040\000F\000i\000n\000d\000i\000n\000g\000s}{chapter.5}% 104
\BOOKMARK [1][]{section.5.2}{\376\377\0005\000.\0002\000\040\000A\000d\000d\000r\000e\000s\000s\000i\000n\000g\000\040\000t\000h\000e\000\040\000M\000i\000s\000s\000i\000n\000g\000\040\000D\000a\000t\000a\000\040\000G\000a\000p\000s}{chapter.5}% 105
\BOOKMARK [1][]{section.5.3}{\376\377\0005\000.\0003\000\040\000R\000e\000c\000o\000m\000m\000e\000n\000d\000a\000t\000i\000o\000n\000s\000\040\000f\000o\000r\000\040\000t\000h\000e\000\040\000S\000i\000m\000u\000l\000a\000t\000i\000o\000n\000\040\000P\000h\000a\000s\000e}{chapter.5}% 106
\BOOKMARK [0][]{section*.36}{\376\377\000R\000E\000F\000E\000R\000E\000N\000C\000E}{}% 107
